============================= test session starts =============================
platform win32 -- Python 3.10.11, pytest-9.0.3, pluggy-1.6.0
rootdir: C:\Users\Umeh\Documents\Projects\private\opsPilot
configfile: pyproject.toml
testpaths: tests
plugins: anyio-4.13.0, asyncio-1.3.0, cov-7.1.0
asyncio: mode=auto, debug=False, asyncio_default_fixture_loop_scope=None, asyncio_default_test_loop_scope=function
collected 18 items

tests\test_admin.py ......                                               [ 33%]
tests\test_integrations.py .....                                         [ 61%]
tests\test_phase3.py ....                                                [ 83%]
tests\test_websocket.py F.                                               [ 94%]
tests\test_workflows.py .                                                [100%]

================================== FAILURES ===================================
________________________ test_websocket_auth_failures _________________________

    def test_websocket_auth_failures():
        """Verify that WebSocket connection is rejected if JWT token is missing or invalid."""
>       with TestClient(app) as client:

tests\test_websocket.py:62: 
_ _ _ _ _ _ _ _ _ _ _ _ _ _ _ _ _ _ _ _ _ _ _ _ _ _ _ _ _ _ _ _ _ _ _ _ _ _ _ _
venv\lib\site-packages\starlette\testclient.py:699: in __exit__
    self.exit_stack.close()
..\..\..\..\AppData\Local\Programs\Python\Python310\lib\contextlib.py:584: in close
    self.__exit__(None, None, None)
..\..\..\..\AppData\Local\Programs\Python\Python310\lib\contextlib.py:576: in __exit__
    raise exc_details[1]
..\..\..\..\AppData\Local\Programs\Python\Python310\lib\contextlib.py:153: in __exit__
    self.gen.throw(typ, value, traceback)
venv\lib\site-packages\anyio\from_thread.py:546: in start_blocking_portal
    yield portal
..\..\..\..\AppData\Local\Programs\Python\Python310\lib\contextlib.py:561: in __exit__
    if cb(*exc_details):
..\..\..\..\AppData\Local\Programs\Python\Python310\lib\contextlib.py:449: in _exit_wrapper
    callback(*args, **kwds)
venv\lib\site-packages\starlette\testclient.py:692: in wait_shutdown
    portal.call(self.wait_shutdown)
venv\lib\site-packages\anyio\from_thread.py:334: in call
    return cast(T_Retval, self.start_task_soon(func, *args).result())
..\..\..\..\AppData\Local\Programs\Python\Python310\lib\concurrent\futures\_base.py:458: in result
    return self.__get_result()
..\..\..\..\AppData\Local\Programs\Python\Python310\lib\concurrent\futures\_base.py:403: in __get_result
    raise self._exception
venv\lib\site-packages\anyio\from_thread.py:259: in _call_func
    retval = await retval_or_awaitable
venv\lib\site-packages\starlette\testclient.py:739: in wait_shutdown
    await receive()
venv\lib\site-packages\starlette\testclient.py:729: in receive
    self.task.result()
..\..\..\..\AppData\Local\Programs\Python\Python310\lib\concurrent\futures\_base.py:451: in result
    return self.__get_result()
..\..\..\..\AppData\Local\Programs\Python\Python310\lib\concurrent\futures\_base.py:403: in __get_result
    raise self._exception
venv\lib\site-packages\anyio\from_thread.py:259: in _call_func
    retval = await retval_or_awaitable
venv\lib\site-packages\starlette\testclient.py:704: in lifespan
    await self.app(scope, self.stream_receive.receive, self.stream_send.send)
venv\lib\site-packages\fastapi\applications.py:1159: in __call__
    await super().__call__(scope, receive, send)
venv\lib\site-packages\starlette\applications.py:90: in __call__
    await self.middleware_stack(scope, receive, send)
venv\lib\site-packages\starlette\middleware\errors.py:151: in __call__
    await self.app(scope, receive, send)
venv\lib\site-packages\prometheus_fastapi_instrumentator\middleware.py:126: in __call__
    return await self.app(scope, receive, send)
venv\lib\site-packages\starlette\middleware\base.py:103: in __call__
    await self.app(scope, receive, send)
venv\lib\site-packages\starlette\middleware\base.py:103: in __call__
    await self.app(scope, receive, send)
venv\lib\site-packages\starlette\middleware\base.py:103: in __call__
    await self.app(scope, receive, send)
venv\lib\site-packages\starlette\middleware\base.py:103: in __call__
    await self.app(scope, receive, send)
venv\lib\site-packages\starlette\middleware\cors.py:80: in __call__
    await self.app(scope, receive, send)
venv\lib\site-packages\starlette\middleware\exceptions.py:49: in __call__
    await self.app(scope, receive, send)
venv\lib\site-packages\fastapi\middleware\asyncexitstack.py:18: in __call__
    await self.app(scope, receive, send)
venv\lib\site-packages\starlette\routing.py:660: in __call__
    await self.middleware_stack(scope, receive, send)
venv\lib\site-packages\starlette\routing.py:669: in app
    await self.lifespan(scope, receive, send)
venv\lib\site-packages\starlette\routing.py:638: in lifespan
    async with self.lifespan_context(app) as maybe_state:
..\..\..\..\AppData\Local\Programs\Python\Python310\lib\contextlib.py:206: in __aexit__
    await anext(self.gen)
venv\lib\site-packages\fastapi\routing.py:216: in merged_lifespan
    async with original_context(app) as maybe_original_state:
..\..\..\..\AppData\Local\Programs\Python\Python310\lib\contextlib.py:206: in __aexit__
    await anext(self.gen)
app\main.py:114: in lifespan
    await redis_client.close()
venv\lib\site-packages\redis\utils.py:134: in async_wrapper
    return await func(*args, **kwargs)
venv\lib\site-packages\redis\asyncio\client.py:715: in close
    await self.aclose(close_connection_pool)
venv\lib\site-packages\redis\asyncio\client.py:708: in aclose
    await self.connection_pool.disconnect()
venv\lib\site-packages\redis\asyncio\connection.py:1551: in disconnect
    raise exc
venv\lib\site-packages\redis\asyncio\connection.py:585: in disconnect
    self._writer.close()  # type: ignore[union-attr]
..\..\..\..\AppData\Local\Programs\Python\Python310\lib\asyncio\streams.py:337: in close
    return self._transport.close()
..\..\..\..\AppData\Local\Programs\Python\Python310\lib\asyncio\proactor_events.py:109: in close
    self._loop.call_soon(self._call_connection_lost, None)
..\..\..\..\AppData\Local\Programs\Python\Python310\lib\asyncio\base_events.py:753: in call_soon
    self._check_closed()
_ _ _ _ _ _ _ _ _ _ _ _ _ _ _ _ _ _ _ _ _ _ _ _ _ _ _ _ _ _ _ _ _ _ _ _ _ _ _ _

self = <ProactorEventLoop running=False closed=True debug=False>

    def _check_closed(self):
        if self._closed:
>           raise RuntimeError('Event loop is closed')
E           RuntimeError: Event loop is closed

..\..\..\..\AppData\Local\Programs\Python\Python310\lib\asyncio\base_events.py:515: RuntimeError
---------------------------- Captured stdout call -----------------------------
2026-05-31 23:08:33,283 | DEBUG    | - | b:-                                    | u:-                                    | opspilot.sentry | SENTRY_DSN not set ù Sentry integration disabled.
2026-05-31 23:08:33,293 | DEBUG    | - | b:-                                    | u:-                                    | opspilot.events | Registered handler on_user_registered for event 'user.registered'
2026-05-31 23:08:33,293 | DEBUG    | - | b:-                                    | u:-                                    | opspilot.events | Registered handler on_user_logged_in for event 'user.logged_in'
2026-05-31 23:08:33,293 | DEBUG    | - | b:-                                    | u:-                                    | opspilot.events | Registered handler on_order_created for event 'order.created'
2026-05-31 23:08:33,297 | DEBUG    | - | b:-                                    | u:-                                    | opspilot.events | Registered handler on_order_updated for event 'order.updated'
2026-05-31 23:08:33,298 | DEBUG    | - | b:-                                    | u:-                                    | opspilot.events | Registered handler on_payment_success for event 'payment.success'
2026-05-31 23:08:33,299 | DEBUG    | - | b:-                                    | u:-                                    | opspilot.events | Registered handler on_payment_failed for event 'payment.failed'
2026-05-31 23:08:33,301 | DEBUG    | - | b:-                                    | u:-                                    | opspilot.events | Registered handler on_user_registered for event 'user.registered'
2026-05-31 23:08:33,303 | DEBUG    | - | b:-                                    | u:-                                    | opspilot.events | Registered handler on_user_logged_in for event 'user.logged_in'
2026-05-31 23:08:33,305 | DEBUG    | - | b:-                                    | u:-                                    | opspilot.events | Registered handler on_business_updated for event 'business.updated'
2026-05-31 23:08:33,308 | DEBUG    | - | b:-                                    | u:-                                    | opspilot.events | Registered handler handle_customer_created for event 'customer.created'
2026-05-31 23:08:33,308 | DEBUG    | - | b:-                                    | u:-                                    | opspilot.events | Registered handler handle_order_created for event 'order.created'
2026-05-31 23:08:33,308 | DEBUG    | - | b:-                                    | u:-                                    | opspilot.events | Registered handler handle_order_status_changed for event 'order.status_changed'
2026-05-31 23:08:33,313 | DEBUG    | - | b:-                                    | u:-                                    | opspilot.events | Registered handler handle_payment_initialized for event 'payment.initialized'
2026-05-31 23:08:33,313 | DEBUG    | - | b:-                                    | u:-                                    | opspilot.events | Registered handler handle_payment_successful for event 'payment.successful'
2026-05-31 23:08:33,313 | DEBUG    | - | b:-                                    | u:-                                    | opspilot.websocket.events | Bridged event 'order.created' to WebSocket fanout listener
2026-05-31 23:08:33,313 | DEBUG    | - | b:-                                    | u:-                                    | opspilot.websocket.events | Bridged event 'order.updated' to WebSocket fanout listener
2026-05-31 23:08:33,313 | DEBUG    | - | b:-                                    | u:-                                    | opspilot.websocket.events | Bridged event 'payment.success' to WebSocket fanout listener
2026-05-31 23:08:33,313 | DEBUG    | - | b:-                                    | u:-                                    | opspilot.websocket.events | Bridged event 'payment.failed' to WebSocket fanout listener
2026-05-31 23:08:33,313 | DEBUG    | - | b:-                                    | u:-                                    | opspilot.websocket.events | Bridged event 'notification.created' to WebSocket fanout listener
2026-05-31 23:08:33,313 | DEBUG    | - | b:-                                    | u:-                                    | opspilot.websocket.events | Bridged event 'analytics.updated' to WebSocket fanout listener
2026-05-31 23:08:33,313 | DEBUG    | - | b:-                                    | u:-                                    | opspilot.websocket.events | Bridged event 'ai.insight.generated' to WebSocket fanout listener
2026-05-31 23:08:33,313 | DEBUG    | - | b:-                                    | u:-                                    | opspilot.websocket.events | Bridged event 'ai.response.chunk' to WebSocket fanout listener
2026-05-31 23:08:33,313 | DEBUG    | - | b:-                                    | u:-                                    | opspilot.workflows.triggers | Bound workflow engine triggers to system event 'order.created'
2026-05-31 23:08:33,313 | DEBUG    | - | b:-                                    | u:-                                    | opspilot.workflows.triggers | Bound workflow engine triggers to system event 'order.updated'
2026-05-31 23:08:33,313 | DEBUG    | - | b:-                                    | u:-                                    | opspilot.workflows.triggers | Bound workflow engine triggers to system event 'payment.success'
2026-05-31 23:08:33,324 | DEBUG    | - | b:-                                    | u:-                                    | opspilot.workflows.triggers | Bound workflow engine triggers to system event 'payment.failed'
2026-05-31 23:08:33,324 | DEBUG    | - | b:-                                    | u:-                                    | opspilot.workflows.triggers | Bound workflow engine triggers to system event 'customer.inactive'
2026-05-31 23:08:33,324 | INFO     | - | b:-                                    | u:-                                    | opspilot.websocket.broadcaster | Distributed broadcaster task started in background.
2026-05-31 23:08:33,324 | INFO     | - | b:-                                    | u:-                                    | opspilot.websocket.broadcaster | Starting distributed WebSocket broadcaster subscriber loop...
2026-05-31 23:08:33,334 | INFO     | - | b:-                                    | u:-                                    | opspilot.websocket.broadcaster | Successfully subscribed to Redis channel: opspilot:broadcast
2026-05-31 23:08:33,447 | INFO     | - | b:-                                    | u:-                                    | opspilot.main | Original super-admin not found, seeding...
2026-05-31 23:08:33,854 | INFO     | - | b:-                                    | u:-                                    | opspilot.main | Original super-admin seeded successfully.
2026-05-31 23:08:33,855 | INFO     | - | b:-                                    | u:-                                    | opspilot.main | Starting OpsPilot v0.1.0 [testing]
2026-05-31 23:08:33,871 | WARNING  | - | b:-                                    | u:-                                    | opspilot.websocket.auth | WebSocket handshake rejected from IP testclient: Missing token.
2026-05-31 23:08:33,874 | WARNING  | - | b:-                                    | u:-                                    | opspilot.websocket.auth | WebSocket handshake rejected from IP testclient due to domain exception: Invalid or malformed token.
2026-05-31 23:08:33,882 | INFO     | - | b:-                                    | u:-                                    | opspilot.websocket.broadcaster | Redis subscriber loop task cancelled.
2026-05-31 23:08:33,887 | INFO     | - | b:-                                    | u:-                                    | opspilot.websocket.broadcaster | Distributed broadcaster task stopped.
============================== warnings summary ===============================
app\modules\workflows\schemas.py:82
  C:\Users\Umeh\Documents\Projects\private\opsPilot\app\modules\workflows\schemas.py:82: PydanticDeprecatedSince20: Support for class-based `config` is deprecated, use ConfigDict instead. Deprecated in Pydantic V2.0 to be removed in V3.0. See Pydantic V2 Migration Guide at https://errors.pydantic.dev/2.13/migration/
    class WorkflowResponse(BaseModel):

app\modules\workflows\schemas.py:101
  C:\Users\Umeh\Documents\Projects\private\opsPilot\app\modules\workflows\schemas.py:101: PydanticDeprecatedSince20: Support for class-based `config` is deprecated, use ConfigDict instead. Deprecated in Pydantic V2.0 to be removed in V3.0. See Pydantic V2 Migration Guide at https://errors.pydantic.dev/2.13/migration/
    class WorkflowExecutionLogResponse(BaseModel):

tests/test_websocket.py::test_websocket_auth_failures
tests/test_websocket.py::test_websocket_lifecycle_and_broadcasts
  C:\Users\Umeh\Documents\Projects\private\opsPilot\app\websocket\broadcaster.py:122: DeprecationWarning: Call to deprecated close. (Use aclose() instead) -- Deprecated since version 5.0.1.
    await pubsub.close()

tests/test_websocket.py::test_websocket_auth_failures
tests/test_websocket.py::test_websocket_lifecycle_and_broadcasts
  C:\Users\Umeh\Documents\Projects\private\opsPilot\app\websocket\broadcaster.py:125: DeprecationWarning: Call to deprecated close. (Use aclose() instead) -- Deprecated since version 5.0.1.
    await client.close()

tests/test_websocket.py::test_websocket_auth_failures
tests/test_websocket.py::test_websocket_lifecycle_and_broadcasts
  C:\Users\Umeh\Documents\Projects\private\opsPilot\app\main.py:114: DeprecationWarning: Call to deprecated close. (Use aclose() instead) -- Deprecated since version 5.0.1.
    await redis_client.close()

tests/test_websocket.py::test_websocket_lifecycle_and_broadcasts
tests/test_workflows.py::test_workflow_crud_and_rule_execution
tests/test_workflows.py::test_workflow_crud_and_rule_execution
  C:\Users\Umeh\Documents\Projects\private\opsPilot\app\websocket\broadcaster.py:56: DeprecationWarning: Call to deprecated close. (Use aclose() instead) -- Deprecated since version 5.0.1.
    await client.close()

tests/test_websocket.py::test_websocket_lifecycle_and_broadcasts
tests/test_workflows.py::test_workflow_crud_and_rule_execution
  C:\Users\Umeh\Documents\Projects\private\opsPilot\app\modules\workflows\triggers.py:120: DeprecationWarning: Call to deprecated close. (Use aclose() instead) -- Deprecated since version 5.0.1.
    await client.close()

tests/test_workflows.py::test_workflow_crud_and_rule_execution
  C:\Users\Umeh\Documents\Projects\private\opsPilot\app\modules\workflows\triggers.py:49: DeprecationWarning: Call to deprecated close. (Use aclose() instead) -- Deprecated since version 5.0.1.
    await client.close()

tests/test_workflows.py::test_workflow_crud_and_rule_execution
  C:\Users\Umeh\Documents\Projects\private\opsPilot\app\modules\workflows\routes.py:57: PydanticDeprecatedSince20: The `from_orm` method is deprecated; set `model_config['from_attributes']=True` and use `model_validate` instead. Deprecated in Pydantic V2.0 to be removed in V3.0. See Pydantic V2 Migration Guide at https://errors.pydantic.dev/2.13/migration/
    data=WorkflowResponse.from_orm(created_w).model_dump(),

tests/test_workflows.py::test_workflow_crud_and_rule_execution
  C:\Users\Umeh\Documents\Projects\private\opsPilot\app\modules\workflows\triggers.py:85: DeprecationWarning: Call to deprecated close. (Use aclose() instead) -- Deprecated since version 5.0.1.
    await client.close()

-- Docs: https://docs.pytest.org/en/stable/how-to/capture-warnings.html
=========================== short test summary info ===========================
FAILED tests/test_websocket.py::test_websocket_auth_failures - RuntimeError: ...
================= 1 failed, 17 passed, 16 warnings in 14.04s ==================
